
> ud-buy-and-sell@0.1.0 test
> react-scripts test --coverage

  console.error
    Warning: Each child in a list should have a unique "key" prop.
    
    Check the render method of `Home`. See https://reactjs.org/link/warning-keys for more information.
        at Text2 (/home/runner/work/ud-buy-and-sell/ud-buy-and-sell/node_modules/@chakra-ui/layout/src/text.tsx:37:18)
        at Home (/home/runner/work/ud-buy-and-sell/ud-buy-and-sell/src/pages/Home.tsx:24:35)
        at RenderedRoute (/home/runner/work/ud-buy-and-sell/ud-buy-and-sell/node_modules/react-router/lib/hooks.tsx:640:26)
        at Routes (/home/runner/work/ud-buy-and-sell/ud-buy-and-sell/node_modules/react-router/lib/components.tsx:504:3)
        at Router (/home/runner/work/ud-buy-and-sell/ud-buy-and-sell/node_modules/react-router/lib/components.tsx:413:13)
        at BrowserRouter (/home/runner/work/ud-buy-and-sell/ud-buy-and-sell/node_modules/react-router-dom/index.tsx:738:3)
        at App
        at EnvironmentProvider (/home/runner/work/ud-buy-and-sell/ud-buy-and-sell/node_modules/@chakra-ui/react-env/src/env.tsx:38:11)
        at ColorModeProvider (/home/runner/work/ud-buy-and-sell/ud-buy-and-sell/node_modules/@chakra-ui/color-mode/src/color-mode-provider.tsx:33:5)
        at ThemeProvider (/home/runner/work/ud-buy-and-sell/ud-buy-and-sell/node_modules/@emotion/react/dist/emotion-element-48d2c2e4.cjs.dev.js:125:32)
        at ThemeProvider (/home/runner/work/ud-buy-and-sell/ud-buy-and-sell/node_modules/@chakra-ui/system/src/providers.tsx:17:17)
        at ChakraProvider (/home/runner/work/ud-buy-and-sell/ud-buy-and-sell/node_modules/@chakra-ui/provider/src/chakra-provider.tsx:77:5)
        at ChakraProvider2 (/home/runner/work/ud-buy-and-sell/ud-buy-and-sell/node_modules/@chakra-ui/react/src/chakra-provider.tsx:23:3)
        at AllProviders (/home/runner/work/ud-buy-and-sell/ud-buy-and-sell/src/test-utils.tsx:5:25)

      53 |         <Container maxW="100%" px="0">
      54 |           <SearchBar query="" category="" />
    > 55 |           <HStack
         |           ^
      56 |             w="100%"
      57 |             maxW="380px"
      58 |             color={linkcolor}

      at printWarning (node_modules/react/cjs/react-jsx-dev-runtime.development.js:87:30)
      at error (node_modules/react/cjs/react-jsx-dev-runtime.development.js:61:7)
      at validateExplicitKey (node_modules/react/cjs/react-jsx-dev-runtime.development.js:1078:5)
      at validateChildKeys (node_modules/react/cjs/react-jsx-dev-runtime.development.js:1105:11)
      at jsxWithValidation (node_modules/react/cjs/react-jsx-dev-runtime.development.js:1276:11)
      at Home (src/pages/Home.tsx:55:11)
      at renderWithHooks (node_modules/react-dom/cjs/react-dom.development.js:16305:18)
      at mountIndeterminateComponent (node_modules/react-dom/cjs/react-dom.development.js:20074:13)
      at beginWork (node_modules/react-dom/cjs/react-dom.development.js:21587:16)
      at beginWork$1 (node_modules/react-dom/cjs/react-dom.development.js:27426:14)
      at performUnitOfWork (node_modules/react-dom/cjs/react-dom.development.js:26560:12)
      at workLoopSync (node_modules/react-dom/cjs/react-dom.development.js:26466:5)
      at renderRootSync (node_modules/react-dom/cjs/react-dom.development.js:26434:7)
      at performConcurrentWorkOnRoot (node_modules/react-dom/cjs/react-dom.development.js:25738:74)
      at flushActQueue (node_modules/react/cjs/react.development.js:2667:24)
      at act (node_modules/react/cjs/react.development.js:2582:11)
      at node_modules/@testing-library/react/dist/act-compat.js:46:25
      at renderRoot (node_modules/@testing-library/react/dist/pure.js:161:26)
      at render (node_modules/@testing-library/react/dist/pure.js:247:10)
      at customRender (src/test-utils.tsx:10:9)
      at Object.<anonymous> (src/App.test.tsx:7:9)
      at TestScheduler.scheduleTests (node_modules/react-scripts/node_modules/@jest/core/build/TestScheduler.js:333:13)
      at runJest (node_modules/react-scripts/node_modules/@jest/core/build/runJest.js:404:19)
      at _run10000 (node_modules/react-scripts/node_modules/@jest/core/build/cli/index.js:320:7)
      at runCLI (node_modules/react-scripts/node_modules/@jest/core/build/cli/index.js:173:3)

  console.error
    Warning: Each child in a list should have a unique "key" prop.
    
    Check the render method of `SearchBar`. See https://reactjs.org/link/warning-keys for more information.
        at option
        at SearchBar (/home/runner/work/ud-buy-and-sell/ud-buy-and-sell/src/SearchBar.tsx:21:70)
        at div
        at /home/runner/work/ud-buy-and-sell/ud-buy-and-sell/node_modules/@emotion/react/dist/emotion-element-48d2c2e4.cjs.dev.js:62:23
        at ChakraComponent (/home/runner/work/ud-buy-and-sell/ud-buy-and-sell/node_modules/@chakra-ui/system/src/system.ts:88:53)
        at Container2 (/home/runner/work/ud-buy-and-sell/ud-buy-and-sell/node_modules/@chakra-ui/layout/src/container.tsx:39:18)
        at div
        at /home/runner/work/ud-buy-and-sell/ud-buy-and-sell/node_modules/@emotion/react/dist/emotion-element-48d2c2e4.cjs.dev.js:62:23
        at ChakraComponent (/home/runner/work/ud-buy-and-sell/ud-buy-and-sell/node_modules/@chakra-ui/system/src/system.ts:88:53)
        at Container2 (/home/runner/work/ud-buy-and-sell/ud-buy-and-sell/node_modules/@chakra-ui/layout/src/container.tsx:39:18)
        at div
        at Home (/home/runner/work/ud-buy-and-sell/ud-buy-and-sell/src/pages/Home.tsx:24:35)
        at RenderedRoute (/home/runner/work/ud-buy-and-sell/ud-buy-and-sell/node_modules/react-router/lib/hooks.tsx:640:26)
        at Routes (/home/runner/work/ud-buy-and-sell/ud-buy-and-sell/node_modules/react-router/lib/components.tsx:504:3)
        at Router (/home/runner/work/ud-buy-and-sell/ud-buy-and-sell/node_modules/react-router/lib/components.tsx:413:13)
        at BrowserRouter (/home/runner/work/ud-buy-and-sell/ud-buy-and-sell/node_modules/react-router-dom/index.tsx:738:3)
        at App
        at EnvironmentProvider (/home/runner/work/ud-buy-and-sell/ud-buy-and-sell/node_modules/@chakra-ui/react-env/src/env.tsx:38:11)
        at ColorModeProvider (/home/runner/work/ud-buy-and-sell/ud-buy-and-sell/node_modules/@chakra-ui/color-mode/src/color-mode-provider.tsx:33:5)
        at ThemeProvider (/home/runner/work/ud-buy-and-sell/ud-buy-and-sell/node_modules/@emotion/react/dist/emotion-element-48d2c2e4.cjs.dev.js:125:32)
        at ThemeProvider (/home/runner/work/ud-buy-and-sell/ud-buy-and-sell/node_modules/@chakra-ui/system/src/providers.tsx:17:17)
        at ChakraProvider (/home/runner/work/ud-buy-and-sell/ud-buy-and-sell/node_modules/@chakra-ui/provider/src/chakra-provider.tsx:77:5)
        at ChakraProvider2 (/home/runner/work/ud-buy-and-sell/ud-buy-and-sell/node_modules/@chakra-ui/react/src/chakra-provider.tsx:23:3)
        at AllProviders (/home/runner/work/ud-buy-and-sell/ud-buy-and-sell/src/test-utils.tsx:5:25)

      67 |       direction={{ base: "column", md: "row" }}
      68 |     >
    > 69 |       <Select
         |       ^
      70 |         value={category}
      71 |         size="md"
      72 |         name="category"

      at printWarning (node_modules/react/cjs/react-jsx-dev-runtime.development.js:87:30)
      at error (node_modules/react/cjs/react-jsx-dev-runtime.development.js:61:7)
      at validateExplicitKey (node_modules/react/cjs/react-jsx-dev-runtime.development.js:1078:5)
      at validateChildKeys (node_modules/react/cjs/react-jsx-dev-runtime.development.js:1105:11)
      at jsxWithValidation (node_modules/react/cjs/react-jsx-dev-runtime.development.js:1276:11)
      at SearchBar (src/SearchBar.tsx:69:7)
      at renderWithHooks (node_modules/react-dom/cjs/react-dom.development.js:16305:18)
      at mountIndeterminateComponent (node_modules/react-dom/cjs/react-dom.development.js:20074:13)
      at beginWork (node_modules/react-dom/cjs/react-dom.development.js:21587:16)
      at beginWork$1 (node_modules/react-dom/cjs/react-dom.development.js:27426:14)
      at performUnitOfWork (node_modules/react-dom/cjs/react-dom.development.js:26560:12)
      at workLoopSync (node_modules/react-dom/cjs/react-dom.development.js:26466:5)
      at renderRootSync (node_modules/react-dom/cjs/react-dom.development.js:26434:7)
      at performConcurrentWorkOnRoot (node_modules/react-dom/cjs/react-dom.development.js:25738:74)
      at flushActQueue (node_modules/react/cjs/react.development.js:2667:24)
      at act (node_modules/react/cjs/react.development.js:2582:11)
      at node_modules/@testing-library/react/dist/act-compat.js:46:25
      at renderRoot (node_modules/@testing-library/react/dist/pure.js:161:26)
      at render (node_modules/@testing-library/react/dist/pure.js:247:10)
      at customRender (src/test-utils.tsx:10:9)
      at Object.<anonymous> (src/App.test.tsx:7:9)
      at TestScheduler.scheduleTests (node_modules/react-scripts/node_modules/@jest/core/build/TestScheduler.js:333:13)
      at runJest (node_modules/react-scripts/node_modules/@jest/core/build/runJest.js:404:19)
      at _run10000 (node_modules/react-scripts/node_modules/@jest/core/build/cli/index.js:320:7)
      at runCLI (node_modules/react-scripts/node_modules/@jest/core/build/cli/index.js:173:3)

  console.error
    Warning: validateDOMNesting(...): <ul> cannot appear as a descendant of <p>.
        at ul
        at /home/runner/work/ud-buy-and-sell/ud-buy-and-sell/node_modules/@emotion/react/dist/emotion-element-48d2c2e4.cjs.dev.js:62:23
        at ChakraComponent (/home/runner/work/ud-buy-and-sell/ud-buy-and-sell/node_modules/@chakra-ui/system/src/system.ts:88:53)
        at List2 (/home/runner/work/ud-buy-and-sell/ud-buy-and-sell/node_modules/@chakra-ui/layout/src/list.tsx:55:18)
        at UnorderedList2 (/home/runner/work/ud-buy-and-sell/ud-buy-and-sell/node_modules/@chakra-ui/layout/src/list.tsx:105:11)
        at p
        at /home/runner/work/ud-buy-and-sell/ud-buy-and-sell/node_modules/@emotion/react/dist/emotion-element-48d2c2e4.cjs.dev.js:62:23
        at ChakraComponent (/home/runner/work/ud-buy-and-sell/ud-buy-and-sell/node_modules/@chakra-ui/system/src/system.ts:88:53)
        at Text2 (/home/runner/work/ud-buy-and-sell/ud-buy-and-sell/node_modules/@chakra-ui/layout/src/text.tsx:37:18)
        at div
        at /home/runner/work/ud-buy-and-sell/ud-buy-and-sell/node_modules/@emotion/react/dist/emotion-element-48d2c2e4.cjs.dev.js:62:23
        at ChakraComponent (/home/runner/work/ud-buy-and-sell/ud-buy-and-sell/node_modules/@chakra-ui/system/src/system.ts:88:53)
        at /home/runner/work/ud-buy-and-sell/ud-buy-and-sell/node_modules/@chakra-ui/layout/src/stack/stack.tsx:81:5
        at div
        at /home/runner/work/ud-buy-and-sell/ud-buy-and-sell/node_modules/@emotion/react/dist/emotion-element-48d2c2e4.cjs.dev.js:62:23
        at ChakraComponent (/home/runner/work/ud-buy-and-sell/ud-buy-and-sell/node_modules/@chakra-ui/system/src/system.ts:88:53)
        at CardBody2 (/home/runner/work/ud-buy-and-sell/ud-buy-and-sell/node_modules/@chakra-ui/card/src/card-body.tsx:11:11)
        at div
        at /home/runner/work/ud-buy-and-sell/ud-buy-and-sell/node_modules/@emotion/react/dist/emotion-element-48d2c2e4.cjs.dev.js:62:23
        at ChakraComponent (/home/runner/work/ud-buy-and-sell/ud-buy-and-sell/node_modules/@chakra-ui/system/src/system.ts:88:53)
        at Card2 (/home/runner/work/ud-buy-and-sell/ud-buy-and-sell/node_modules/@chakra-ui/card/src/card.tsx:43:18)
        at div
        at /home/runner/work/ud-buy-and-sell/ud-buy-and-sell/node_modules/@emotion/react/dist/emotion-element-48d2c2e4.cjs.dev.js:62:23
        at ChakraComponent (/home/runner/work/ud-buy-and-sell/ud-buy-and-sell/node_modules/@chakra-ui/system/src/system.ts:88:53)
        at div
        at /home/runner/work/ud-buy-and-sell/ud-buy-and-sell/node_modules/@emotion/react/dist/emotion-element-48d2c2e4.cjs.dev.js:62:23
        at ChakraComponent (/home/runner/work/ud-buy-and-sell/ud-buy-and-sell/node_modules/@chakra-ui/system/src/system.ts:88:53)
        at Flex2 (/home/runner/work/ud-buy-and-sell/ud-buy-and-sell/node_modules/@chakra-ui/layout/src/flex.tsx:64:11)
        at div
        at /home/runner/work/ud-buy-and-sell/ud-buy-and-sell/node_modules/@emotion/react/dist/emotion-element-48d2c2e4.cjs.dev.js:62:23
        at ChakraComponent (/home/runner/work/ud-buy-and-sell/ud-buy-and-sell/node_modules/@chakra-ui/system/src/system.ts:88:53)
        at div
        at /home/runner/work/ud-buy-and-sell/ud-buy-and-sell/node_modules/@emotion/react/dist/emotion-element-48d2c2e4.cjs.dev.js:62:23
        at ChakraComponent (/home/runner/work/ud-buy-and-sell/ud-buy-and-sell/node_modules/@chakra-ui/system/src/system.ts:88:53)
        at Flex2 (/home/runner/work/ud-buy-and-sell/ud-buy-and-sell/node_modules/@chakra-ui/layout/src/flex.tsx:64:11)
        at div
        at /home/runner/work/ud-buy-and-sell/ud-buy-and-sell/node_modules/@emotion/react/dist/emotion-element-48d2c2e4.cjs.dev.js:62:23
        at ChakraComponent (/home/runner/work/ud-buy-and-sell/ud-buy-and-sell/node_modules/@chakra-ui/system/src/system.ts:88:53)
        at /home/runner/work/ud-buy-and-sell/ud-buy-and-sell/node_modules/@chakra-ui/layout/src/stack/stack.tsx:81:5
        at div
        at Home (/home/runner/work/ud-buy-and-sell/ud-buy-and-sell/src/pages/Home.tsx:24:35)
        at RenderedRoute (/home/runner/work/ud-buy-and-sell/ud-buy-and-sell/node_modules/react-router/lib/hooks.tsx:640:26)
        at Routes (/home/runner/work/ud-buy-and-sell/ud-buy-and-sell/node_modules/react-router/lib/components.tsx:504:3)
        at Router (/home/runner/work/ud-buy-and-sell/ud-buy-and-sell/node_modules/react-router/lib/components.tsx:413:13)
        at BrowserRouter (/home/runner/work/ud-buy-and-sell/ud-buy-and-sell/node_modules/react-router-dom/index.tsx:738:3)
        at App
        at EnvironmentProvider (/home/runner/work/ud-buy-and-sell/ud-buy-and-sell/node_modules/@chakra-ui/react-env/src/env.tsx:38:11)
        at ColorModeProvider (/home/runner/work/ud-buy-and-sell/ud-buy-and-sell/node_modules/@chakra-ui/color-mode/src/color-mode-provider.tsx:33:5)
        at ThemeProvider (/home/runner/work/ud-buy-and-sell/ud-buy-and-sell/node_modules/@emotion/react/dist/emotion-element-48d2c2e4.cjs.dev.js:125:32)
        at ThemeProvider (/home/runner/work/ud-buy-and-sell/ud-buy-and-sell/node_modules/@chakra-ui/system/src/providers.tsx:17:17)
        at ChakraProvider (/home/runner/work/ud-buy-and-sell/ud-buy-and-sell/node_modules/@chakra-ui/provider/src/chakra-provider.tsx:77:5)
        at ChakraProvider2 (/home/runner/work/ud-buy-and-sell/ud-buy-and-sell/node_modules/@chakra-ui/react/src/chakra-provider.tsx:23:3)
        at AllProviders (/home/runner/work/ud-buy-and-sell/ud-buy-and-sell/src/test-utils.tsx:5:25)

       8 |
       9 | const customRender = (ui: React.ReactElement, options?: RenderOptions) =>
    > 10 |   render(ui, { wrapper: AllProviders, ...options })
         |         ^
      11 |
      12 | export { customRender as render }
      13 |

      at printWarning (node_modules/react-dom/cjs/react-dom.development.js:86:30)
      at error (node_modules/react-dom/cjs/react-dom.development.js:60:7)
      at validateDOMNesting (node_modules/react-dom/cjs/react-dom.development.js:10849:7)
      at createInstance (node_modules/react-dom/cjs/react-dom.development.js:10930:5)
      at completeWork (node_modules/react-dom/cjs/react-dom.development.js:22187:28)
      at completeUnitOfWork (node_modules/react-dom/cjs/react-dom.development.js:26593:16)
      at performUnitOfWork (node_modules/react-dom/cjs/react-dom.development.js:26568:5)
      at workLoopSync (node_modules/react-dom/cjs/react-dom.development.js:26466:5)
      at renderRootSync (node_modules/react-dom/cjs/react-dom.development.js:26434:7)
      at performConcurrentWorkOnRoot (node_modules/react-dom/cjs/react-dom.development.js:25738:74)
      at flushActQueue (node_modules/react/cjs/react.development.js:2667:24)
      at act (node_modules/react/cjs/react.development.js:2582:11)
      at node_modules/@testing-library/react/dist/act-compat.js:46:25
      at renderRoot (node_modules/@testing-library/react/dist/pure.js:161:26)
      at render (node_modules/@testing-library/react/dist/pure.js:247:10)
      at customRender (src/test-utils.tsx:10:9)
      at Object.<anonymous> (src/App.test.tsx:7:9)
      at TestScheduler.scheduleTests (node_modules/react-scripts/node_modules/@jest/core/build/TestScheduler.js:333:13)
      at runJest (node_modules/react-scripts/node_modules/@jest/core/build/runJest.js:404:19)
      at _run10000 (node_modules/react-scripts/node_modules/@jest/core/build/cli/index.js:320:7)
      at runCLI (node_modules/react-scripts/node_modules/@jest/core/build/cli/index.js:173:3)

  console.error
    Warning: validateDOMNesting(...): <a> cannot appear as a descendant of <a>.
        at a
        at ButtonContent (/home/runner/work/ud-buy-and-sell/ud-buy-and-sell/node_modules/@chakra-ui/button/src/button.tsx:135:11)
        at button
        at /home/runner/work/ud-buy-and-sell/ud-buy-and-sell/node_modules/@emotion/react/dist/emotion-element-48d2c2e4.cjs.dev.js:62:23
        at ChakraComponent (/home/runner/work/ud-buy-and-sell/ud-buy-and-sell/node_modules/@chakra-ui/system/src/system.ts:88:53)
        at /home/runner/work/ud-buy-and-sell/ud-buy-and-sell/node_modules/@chakra-ui/button/src/button.tsx:32:17
        at a
        at LinkWithRef (/home/runner/work/ud-buy-and-sell/ud-buy-and-sell/node_modules/react-router-dom/index.tsx:905:7)
        at div
        at /home/runner/work/ud-buy-and-sell/ud-buy-and-sell/node_modules/@emotion/react/dist/emotion-element-48d2c2e4.cjs.dev.js:62:23
        at ChakraComponent (/home/runner/work/ud-buy-and-sell/ud-buy-and-sell/node_modules/@chakra-ui/system/src/system.ts:88:53)
        at div
        at /home/runner/work/ud-buy-and-sell/ud-buy-and-sell/node_modules/@emotion/react/dist/emotion-element-48d2c2e4.cjs.dev.js:62:23
        at ChakraComponent (/home/runner/work/ud-buy-and-sell/ud-buy-and-sell/node_modules/@chakra-ui/system/src/system.ts:88:53)
        at /home/runner/work/ud-buy-and-sell/ud-buy-and-sell/node_modules/@chakra-ui/layout/src/stack/stack.tsx:81:5
        at div
        at Home (/home/runner/work/ud-buy-and-sell/ud-buy-and-sell/src/pages/Home.tsx:24:35)
        at RenderedRoute (/home/runner/work/ud-buy-and-sell/ud-buy-and-sell/node_modules/react-router/lib/hooks.tsx:640:26)
        at Routes (/home/runner/work/ud-buy-and-sell/ud-buy-and-sell/node_modules/react-router/lib/components.tsx:504:3)
        at Router (/home/runner/work/ud-buy-and-sell/ud-buy-and-sell/node_modules/react-router/lib/components.tsx:413:13)
        at BrowserRouter (/home/runner/work/ud-buy-and-sell/ud-buy-and-sell/node_modules/react-router-dom/index.tsx:738:3)
        at App
        at EnvironmentProvider (/home/runner/work/ud-buy-and-sell/ud-buy-and-sell/node_modules/@chakra-ui/react-env/src/env.tsx:38:11)
        at ColorModeProvider (/home/runner/work/ud-buy-and-sell/ud-buy-and-sell/node_modules/@chakra-ui/color-mode/src/color-mode-provider.tsx:33:5)
        at ThemeProvider (/home/runner/work/ud-buy-and-sell/ud-buy-and-sell/node_modules/@emotion/react/dist/emotion-element-48d2c2e4.cjs.dev.js:125:32)
        at ThemeProvider (/home/runner/work/ud-buy-and-sell/ud-buy-and-sell/node_modules/@chakra-ui/system/src/providers.tsx:17:17)
        at ChakraProvider (/home/runner/work/ud-buy-and-sell/ud-buy-and-sell/node_modules/@chakra-ui/provider/src/chakra-provider.tsx:77:5)
        at ChakraProvider2 (/home/runner/work/ud-buy-and-sell/ud-buy-and-sell/node_modules/@chakra-ui/react/src/chakra-provider.tsx:23:3)
        at AllProviders (/home/runner/work/ud-buy-and-sell/ud-buy-and-sell/src/test-utils.tsx:5:25)

       8 |
       9 | const customRender = (ui: React.ReactElement, options?: RenderOptions) =>
    > 10 |   render(ui, { wrapper: AllProviders, ...options })
         |         ^
      11 |
      12 | export { customRender as render }
      13 |

      at printWarning (node_modules/react-dom/cjs/react-dom.development.js:86:30)
      at error (node_modules/react-dom/cjs/react-dom.development.js:60:7)
      at validateDOMNesting (node_modules/react-dom/cjs/react-dom.development.js:10849:7)
      at createInstance (node_modules/react-dom/cjs/react-dom.development.js:10930:5)
      at completeWork (node_modules/react-dom/cjs/react-dom.development.js:22187:28)
      at completeUnitOfWork (node_modules/react-dom/cjs/react-dom.development.js:26593:16)
      at performUnitOfWork (node_modules/react-dom/cjs/react-dom.development.js:26568:5)
      at workLoopSync (node_modules/react-dom/cjs/react-dom.development.js:26466:5)
      at renderRootSync (node_modules/react-dom/cjs/react-dom.development.js:26434:7)
      at performConcurrentWorkOnRoot (node_modules/react-dom/cjs/react-dom.development.js:25738:74)
      at flushActQueue (node_modules/react/cjs/react.development.js:2667:24)
      at act (node_modules/react/cjs/react.development.js:2582:11)
      at node_modules/@testing-library/react/dist/act-compat.js:46:25
      at renderRoot (node_modules/@testing-library/react/dist/pure.js:161:26)
      at render (node_modules/@testing-library/react/dist/pure.js:247:10)
      at customRender (src/test-utils.tsx:10:9)
      at Object.<anonymous> (src/App.test.tsx:7:9)
      at TestScheduler.scheduleTests (node_modules/react-scripts/node_modules/@jest/core/build/TestScheduler.js:333:13)
      at runJest (node_modules/react-scripts/node_modules/@jest/core/build/runJest.js:404:19)
      at _run10000 (node_modules/react-scripts/node_modules/@jest/core/build/cli/index.js:320:7)
      at runCLI (node_modules/react-scripts/node_modules/@jest/core/build/cli/index.js:173:3)

  console.error
    Error: Not implemented: window.scrollTo
        at module.exports (/home/runner/work/ud-buy-and-sell/ud-buy-and-sell/node_modules/jsdom/lib/jsdom/browser/not-implemented.js:9:17)
        at scrollTo (/home/runner/work/ud-buy-and-sell/ud-buy-and-sell/node_modules/jsdom/lib/jsdom/browser/Window.js:866:7)
        at /home/runner/work/ud-buy-and-sell/ud-buy-and-sell/src/App.tsx:22:12
        at commitHookEffectListMount (/home/runner/work/ud-buy-and-sell/ud-buy-and-sell/node_modules/react-dom/cjs/react-dom.development.js:23150:26)
        at commitPassiveMountOnFiber (/home/runner/work/ud-buy-and-sell/ud-buy-and-sell/node_modules/react-dom/cjs/react-dom.development.js:24931:11)
        at commitPassiveMountEffects_complete (/home/runner/work/ud-buy-and-sell/ud-buy-and-sell/node_modules/react-dom/cjs/react-dom.development.js:24891:9)
        at commitPassiveMountEffects_begin (/home/runner/work/ud-buy-and-sell/ud-buy-and-sell/node_modules/react-dom/cjs/react-dom.development.js:24878:7)
        at commitPassiveMountEffects (/home/runner/work/ud-buy-and-sell/ud-buy-and-sell/node_modules/react-dom/cjs/react-dom.development.js:24866:3)
        at flushPassiveEffectsImpl (/home/runner/work/ud-buy-and-sell/ud-buy-and-sell/node_modules/react-dom/cjs/react-dom.development.js:27039:3)
        at flushPassiveEffects (/home/runner/work/ud-buy-and-sell/ud-buy-and-sell/node_modules/react-dom/cjs/react-dom.development.js:26984:14)
        at performSyncWorkOnRoot (/home/runner/work/ud-buy-and-sell/ud-buy-and-sell/node_modules/react-dom/cjs/react-dom.development.js:26076:3)
        at flushSyncCallbacks (/home/runner/work/ud-buy-and-sell/ud-buy-and-sell/node_modules/react-dom/cjs/react-dom.development.js:12042:22)
        at commitRootImpl (/home/runner/work/ud-buy-and-sell/ud-buy-and-sell/node_modules/react-dom/cjs/react-dom.development.js:26959:3)
        at commitRoot (/home/runner/work/ud-buy-and-sell/ud-buy-and-sell/node_modules/react-dom/cjs/react-dom.development.js:26682:5)
        at finishConcurrentRender (/home/runner/work/ud-buy-and-sell/ud-buy-and-sell/node_modules/react-dom/cjs/react-dom.development.js:25981:9)
        at performConcurrentWorkOnRoot (/home/runner/work/ud-buy-and-sell/ud-buy-and-sell/node_modules/react-dom/cjs/react-dom.development.js:25809:7)
        at flushActQueue (/home/runner/work/ud-buy-and-sell/ud-buy-and-sell/node_modules/react/cjs/react.development.js:2667:24)
        at act (/home/runner/work/ud-buy-and-sell/ud-buy-and-sell/node_modules/react/cjs/react.development.js:2582:11)
        at /home/runner/work/ud-buy-and-sell/ud-buy-and-sell/node_modules/@testing-library/react/dist/act-compat.js:46:25
        at renderRoot (/home/runner/work/ud-buy-and-sell/ud-buy-and-sell/node_modules/@testing-library/react/dist/pure.js:161:26)
        at render (/home/runner/work/ud-buy-and-sell/ud-buy-and-sell/node_modules/@testing-library/react/dist/pure.js:247:10)
        at customRender (/home/runner/work/ud-buy-and-sell/ud-buy-and-sell/src/test-utils.tsx:10:9)
        at Object.<anonymous> (/home/runner/work/ud-buy-and-sell/ud-buy-and-sell/src/App.test.tsx:7:9)
        at Promise.then.completed (/home/runner/work/ud-buy-and-sell/ud-buy-and-sell/node_modules/react-scripts/node_modules/jest-circus/build/utils.js:391:28)
        at new Promise (<anonymous>)
        at callAsyncCircusFn (/home/runner/work/ud-buy-and-sell/ud-buy-and-sell/node_modules/react-scripts/node_modules/jest-circus/build/utils.js:316:10)
        at _callCircusTest (/home/runner/work/ud-buy-and-sell/ud-buy-and-sell/node_modules/react-scripts/node_modules/jest-circus/build/run.js:218:40)
        at processTicksAndRejections (node:internal/process/task_queues:96:5)
        at _runTest (/home/runner/work/ud-buy-and-sell/ud-buy-and-sell/node_modules/react-scripts/node_modules/jest-circus/build/run.js:155:3)
        at _runTestsForDescribeBlock (/home/runner/work/ud-buy-and-sell/ud-buy-and-sell/node_modules/react-scripts/node_modules/jest-circus/build/run.js:66:9)
        at run (/home/runner/work/ud-buy-and-sell/ud-buy-and-sell/node_modules/react-scripts/node_modules/jest-circus/build/run.js:25:3)
        at runAndTransformResultsToJestFormat (/home/runner/work/ud-buy-and-sell/ud-buy-and-sell/node_modules/react-scripts/node_modules/jest-circus/build/legacy-code-todo-rewrite/jestAdapterInit.js:170:21)
        at jestAdapter (/home/runner/work/ud-buy-and-sell/ud-buy-and-sell/node_modules/react-scripts/node_modules/jest-circus/build/legacy-code-todo-rewrite/jestAdapter.js:82:19)
        at runTestInternal (/home/runner/work/ud-buy-and-sell/ud-buy-and-sell/node_modules/react-scripts/node_modules/jest-runner/build/runTest.js:389:16)
        at runTest (/home/runner/work/ud-buy-and-sell/ud-buy-and-sell/node_modules/react-scripts/node_modules/jest-runner/build/runTest.js:475:34)
        at TestRunner.runTests (/home/runner/work/ud-buy-and-sell/ud-buy-and-sell/node_modules/react-scripts/node_modules/jest-runner/build/index.js:101:12)
        at TestScheduler.scheduleTests (/home/runner/work/ud-buy-and-sell/ud-buy-and-sell/node_modules/react-scripts/node_modules/@jest/core/build/TestScheduler.js:333:13)
        at runJest (/home/runner/work/ud-buy-and-sell/ud-buy-and-sell/node_modules/react-scripts/node_modules/@jest/core/build/runJest.js:404:19)
        at _run10000 (/home/runner/work/ud-buy-and-sell/ud-buy-and-sell/node_modules/react-scripts/node_modules/@jest/core/build/cli/index.js:320:7)
        at runCLI (/home/runner/work/ud-buy-and-sell/ud-buy-and-sell/node_modules/react-scripts/node_modules/@jest/core/build/cli/index.js:173:3)
        at Object.run (/home/runner/work/ud-buy-and-sell/ud-buy-and-sell/node_modules/react-scripts/node_modules/jest-cli/build/cli/index.js:155:37) undefined

      20 |
      21 |   useEffect(() => {
    > 22 |     window.scrollTo(0, 0);
         |            ^
      23 |   }, [pathname]);
      24 |
      25 |   return null;

      at VirtualConsole.<anonymous> (node_modules/jsdom/lib/jsdom/virtual-console.js:29:45)
      at module.exports (node_modules/jsdom/lib/jsdom/browser/not-implemented.js:12:26)
      at scrollTo (node_modules/jsdom/lib/jsdom/browser/Window.js:866:7)
      at src/App.tsx:22:12
      at commitHookEffectListMount (node_modules/react-dom/cjs/react-dom.development.js:23150:26)
      at commitPassiveMountOnFiber (node_modules/react-dom/cjs/react-dom.development.js:24931:11)
      at commitPassiveMountEffects_complete (node_modules/react-dom/cjs/react-dom.development.js:24891:9)
      at commitPassiveMountEffects_begin (node_modules/react-dom/cjs/react-dom.development.js:24878:7)
      at commitPassiveMountEffects (node_modules/react-dom/cjs/react-dom.development.js:24866:3)
      at flushPassiveEffectsImpl (node_modules/react-dom/cjs/react-dom.development.js:27039:3)
      at flushPassiveEffects (node_modules/react-dom/cjs/react-dom.development.js:26984:14)
      at performSyncWorkOnRoot (node_modules/react-dom/cjs/react-dom.development.js:26076:3)
      at flushSyncCallbacks (node_modules/react-dom/cjs/react-dom.development.js:12042:22)
      at commitRootImpl (node_modules/react-dom/cjs/react-dom.development.js:26959:3)
      at commitRoot (node_modules/react-dom/cjs/react-dom.development.js:26682:5)
      at finishConcurrentRender (node_modules/react-dom/cjs/react-dom.development.js:25981:9)
      at performConcurrentWorkOnRoot (node_modules/react-dom/cjs/react-dom.development.js:25809:7)
      at flushActQueue (node_modules/react/cjs/react.development.js:2667:24)
      at act (node_modules/react/cjs/react.development.js:2582:11)
      at node_modules/@testing-library/react/dist/act-compat.js:46:25
      at renderRoot (node_modules/@testing-library/react/dist/pure.js:161:26)
      at render (node_modules/@testing-library/react/dist/pure.js:247:10)
      at customRender (src/test-utils.tsx:10:9)
      at Object.<anonymous> (src/App.test.tsx:7:9)
      at TestScheduler.scheduleTests (node_modules/react-scripts/node_modules/@jest/core/build/TestScheduler.js:333:13)
      at runJest (node_modules/react-scripts/node_modules/@jest/core/build/runJest.js:404:19)
      at _run10000 (node_modules/react-scripts/node_modules/@jest/core/build/cli/index.js:320:7)
      at runCLI (node_modules/react-scripts/node_modules/@jest/core/build/cli/index.js:173:3)

FAIL src/App.test.tsx
  ✕ renders learn react link (534 ms)

  ● renders learn react link

    TestingLibraryElementError: Unable to find an element with the text: /learn chakra/i. This could be because the text is broken up by multiple elements. In this case, you can provide a function for your text matcher to make your matcher more flexible.

    Ignored nodes: comments, script, style
    [36m<body[39m
      [33mclass[39m=[32m"chakra-ui-light"[39m
    [36m>[39m
      [36m<div>[39m
        [36m<nav[39m
          [33mclass[39m=[32m"chakra-stack css-1d1qwbg"[39m
        [36m>[39m
          [36m<div[39m
            [33mclass[39m=[32m"chakra-stack css-1g63ymn"[39m
          [36m>[39m
            [36m<a[39m
              [33mhref[39m=[32m"/"[39m
            [36m>[39m
              [36m<img[39m
                [33malt[39m=[32m"CS+SG logo"[39m
                [33mclass[39m=[32m"chakra-image css-sk9oah"[39m
                [33msrc[39m=[32m"/logo-color.svg"[39m
              [36m/>[39m
            [36m</a>[39m
            [36m<a[39m
              [33mhref[39m=[32m"/"[39m
            [36m>[39m
              [36m<h2[39m
                [33mclass[39m=[32m"chakra-heading css-nf3die"[39m
              [36m>[39m
                [0mUD Buy & Sell[0m
              [36m</h2>[39m
            [36m</a>[39m
          [36m</div>[39m
          [36m<div[39m
            [33mclass[39m=[32m"chakra-stack css-1qbm5z5"[39m
          [36m>[39m
            [36m<a[39m
              [33mhref[39m=[32m"/listings"[39m
            [36m>[39m
              [36m<p[39m
                [33mclass[39m=[32m"chakra-text css-19qx1q6"[39m
              [36m>[39m
                [0mView Listings[0m
              [36m</p>[39m
            [36m</a>[39m
            [36m<a[39m
              [33mhref[39m=[32m"/sell"[39m
            [36m>[39m
              [36m<p[39m
                [33mclass[39m=[32m"chakra-text css-19qx1q6"[39m
              [36m>[39m
                [0mSell an Item[0m
              [36m</p>[39m
            [36m</a>[39m
          [36m</div>[39m
          [36m<div[39m
            [33mclass[39m=[32m"css-hfuuju"[39m
          [36m>[39m
            [36m<button[39m
              [33maria-label[39m=[32m"Switch to dark mode"[39m
              [33mclass[39m=[32m"chakra-button css-lbst7"[39m
              [33mtype[39m=[32m"button"[39m
            [36m>[39m
              [36m<svg[39m
                [33maria-hidden[39m=[32m"true"[39m
                [33mfill[39m=[32m"currentColor"[39m
                [33mfocusable[39m=[32m"false"[39m
                [33mfont-size[39m=[32m"19px"[39m
                [33mheight[39m=[32m"1em"[39m
                [33mstroke[39m=[32m"currentColor"[39m
                [33mstroke-width[39m=[32m"0"[39m
                [33mviewBox[39m=[32m"0 0 512 512"[39m
                [33mwidth[39m=[32m"1em"[39m
                [33mxmlns[39m=[32m"http://www.w3.org/2000/svg"[39m
              [36m>[39m
                [36m<path[39m
                  [33md[39m=[32m"M283.211 512c78.962 0 151.079-35.925 198.857-94.792 7.068-8.708-.639-21.43-11.562-19.35-124.203 23.654-238.262-71.576-238.262-196.954 0-72.222 38.662-138.635 101.498-174.394 9.686-5.512 7.25-20.197-3.756-22.23A258.156 258.156 0 0 0 283.211 0c-141.309 0-256 114.511-256 256 0 141.309 114.511 256 256 256z"[39m
                [36m/>[39m
              [36m</svg>[39m
            [36m</button>[39m
            [36m<a[39m
              [33mhref[39m=[32m"/cart"[39m
            [36m>[39m
              [36m<button[39m
                [33maria-label[39m=[32m"Cart"[39m
                [33mclass[39m=[32m"chakra-button css-1jlmy26"[39m
                [33mtype[39m=[32m"button"[39m
              [36m>[39m
                [36m<svg[39m
                  [33maria-hidden[39m=[32m"true"[39m
                  [33mclass[39m=[32m"svg-inline--fa fa-cart-shopping "[39m
                  [33mcolor[39m=[32m"white"[39m
                  [33mdata-icon[39m=[32m"cart-shopping"[39m
                  [33mdata-prefix[39m=[32m"fas"[39m
                  [33mfocusable[39m=[32m"false"[39m
                  [33mfont-size[39m=[32m"19px"[39m
                  [33mrole[39m=[32m"img"[39m
                  [33mviewBox[39m=[32m"0 0 576 512"[39m
                  [33mxmlns[39m=[32m"http://www.w3.org/2000/svg"[39m
                [36m>[39m
                  [36m<path[39m
                    [33md[39m=[32m"M0 24C0 10.7 10.7 0 24 0H69.5c22 0 41.5 12.8 50.6 32h411c26.3 0 45.5 25 38.6 50.4l-41 152.3c-8.5 31.4-37 53.3-69.5 53.3H170.7l5.4 28.5c2.2 11.3 12.1 19.5 23.6 19.5H488c13.3 0 24 10.7 24 24s-10.7 24-24 24H199.7c-34.6 0-64.3-24.6-70.7-58.5L77.4 54.5c-.7-3.8-4-6.5-7.9-6.5H24C10.7 48 0 37.3 0 24zM128 464a48 48 0 1 1 96 0 48 48 0 1 1 -96 0zm336-48a48 48 0 1 1 0 96 48 48 0 1 1 0-96z"[39m
                    [33mfill[39m=[32m"currentColor"[39m
                  [36m/>[39m
                [36m</svg>[39m
              [36m</button>[39m
            [36m</a>[39m
            [36m<a[39m
              [33mhref[39m=[32m"/account"[39m
            [36m>[39m
              [36m<button[39m
                [33maria-label[39m=[32m"Account"[39m
                [33mclass[39m=[32m"chakra-button css-1jlmy26"[39m
                [33mtype[39m=[32m"button"[39m
              [36m>[39m
                [36m<svg[39m
                  [33maria-hidden[39m=[32m"true"[39m
                  [33mclass[39m=[32m"svg-inline--fa fa-user "[39m
                  [33mcolor[39m=[32m"white"[39m
                  [33mdata-icon[39m=[32m"user"[39m
                  [33mdata-prefix[39m=[32m"fas"[39m
                  [33mfocusable[39m=[32m"false"[39m
                  [33mfont-size[39m=[32m"19px"[39m
                  [33mrole[39m=[32m"img"[39m
                  [33mviewBox[39m=[32m"0 0 448 512"[39m
                  [33mxmlns[39m=[32m"http://www.w3.org/2000/svg"[39m
                [36m>[39m
                  [36m<path[39m
                    [33md[39m=[32m"M224 256A128 128 0 1 0 224 0a128 128 0 1 0 0 256zm-45.7 48C79.8 304 0 383.8 0 482.3C0 498.7 13.3 512 29.7 512H418.3c16.4 0 29.7-13.3 29.7-29.7C448 383.8 368.2 304 269.7 304H178.3z"[39m
                    [33mfill[39m=[32m"currentColor"[39m
                  [36m/>[39m
                [36m</svg>[39m
              [36m</button>[39m
            [36m</a>[39m
            [36m<div[39m
              [33mclass[39m=[32m"css-16q9pr7"[39m
            [36m>[39m
              [36m<button[39m
                [33maria-label[39m=[32m"Cart"[39m
                [33mclass[39m=[32m"chakra-button css-1jlmy26"[39m
                [33mtype[39m=[32m"button"[39m
              [36m>[39m
                [36m<svg[39m
                  [33maria-hidden[39m=[32m"true"[39m
                  [33mclass[39m=[32m"svg-inline--fa fa-bars "[39m
                  [33mcolor[39m=[32m"white"[39m
                  [33mdata-icon[39m=[32m"bars"[39m
                  [33mdata-prefix[39m=[32m"fas"[39m
                  [33mfocusable[39m=[32m"false"[39m
                  [33mfont-size[39m=[32m"22px"[39m
                  [33mrole[39m=[32m"img"[39m
                  [33mviewBox[39m=[32m"0 0 448 512"[39m
                  [33mxmlns[39m=[32m"http://www.w3.org/2000/svg"[39m
                [36m>[39m
                  [36m<path[39m
                    [33md[39m=[32m"M0 96C0 78.3 14.3 64 32 64H416c17.7 0 32 14.3 32 32s-14.3 32-32 32H32C14.3 128 0 113.7 0 96zM0 256c0-17.7 14.3-32 32-32H416c17.7 0 32 14.3 32 32s-14.3 32-32 32H32c-17.7 0-32-14.3-32-32zM448 416c0 17.7-14.3 32-32 32H32c-17.7 0-32-14.3-32-32s14.3-32 32-32H416c17.7 0 32 14.3 32 32z"[39m
                    [33mfill...

       6 | test("renders learn react link", () => {
       7 |   render(<App />)
    >  8 |   const linkElement = screen.getByText(/learn chakra/i)
         |                              ^
       9 |   expect(linkElement).toBeInTheDocument()
      10 | })
      11 |

      at Object.getElementError (node_modules/@testing-library/dom/dist/config.js:37:19)
      at node_modules/@testing-library/dom/dist/query-helpers.js:76:38
      at node_modules/@testing-library/dom/dist/query-helpers.js:52:17
      at getByText (node_modules/@testing-library/dom/dist/query-helpers.js:95:19)
      at Object.<anonymous> (src/App.test.tsx:8:30)
      at TestScheduler.scheduleTests (node_modules/react-scripts/node_modules/@jest/core/build/TestScheduler.js:333:13)
      at runJest (node_modules/react-scripts/node_modules/@jest/core/build/runJest.js:404:19)
      at _run10000 (node_modules/react-scripts/node_modules/@jest/core/build/cli/index.js:320:7)
      at runCLI (node_modules/react-scripts/node_modules/@jest/core/build/cli/index.js:173:3)

------------------------|---------|----------|---------|---------|-------------------------------------------------------
File                    | % Stmts | % Branch | % Funcs | % Lines | Uncovered Line #s                                     
------------------------|---------|----------|---------|---------|-------------------------------------------------------
All files               |   49.75 |    25.96 |   33.33 |   50.73 |                                                       
 src                    |    37.9 |    17.85 |   28.26 |   38.84 |                                                       
  App.tsx               |     100 |       50 |     100 |     100 | 30                                                    
  Carousel.tsx          |       0 |        0 |       0 |       0 | 6-48                                                  
  Categories.ts         |     100 |      100 |     100 |     100 |                                                       
  ChatBot.tsx           |     100 |      100 |     100 |     100 |                                                       
  ColorModeSwitcher.tsx |     100 |      100 |     100 |     100 |                                                       
  Footer.tsx            |     100 |      100 |     100 |     100 |                                                       
  Listings.ts           |     100 |      100 |     100 |     100 |                                                       
  Navbar.tsx            |   44.44 |       50 |   16.66 |   44.44 | 29,49-92                                              
  SearchBar.tsx         |   79.16 |       70 |      50 |   79.16 | 42,48,52,56-57                                        
  config.ts             |     100 |      100 |     100 |     100 |                                                       
  index.tsx             |       0 |        0 |     100 |       0 | 9-30                                                  
  reportWebVitals.ts    |       0 |        0 |       0 |       0 | 3-10                                                  
  serviceWorker.ts      |       0 |        0 |       0 |       0 | 13-143                                                
  test-utils.tsx        |     100 |      100 |     100 |     100 |                                                       
  theme.ts              |       0 |      100 |     100 |       0 | 5-11                                                  
 src/pages              |   67.46 |    35.41 |   43.47 |   68.29 |                                                       
  Account.tsx           |   33.33 |      100 |       0 |   33.33 | 9-11                                                  
  Cart.tsx              |   33.33 |      100 |       0 |   33.33 | 9-11                                                  
  Home.tsx              |     100 |      100 |     100 |     100 |                                                       
  Listings.tsx          |   68.18 |     32.6 |   41.17 |   69.23 | 42,46,62,64,66,83,90-91,97-98,103,113-115,245,265-270 
  Sell.tsx              |   33.33 |      100 |       0 |   33.33 | 9-11                                                  
------------------------|---------|----------|---------|---------|-------------------------------------------------------
Test Suites: 1 failed, 1 total
Tests:       1 failed, 1 total
Snapshots:   0 total
Time:        4.11 s
Ran all test suites.
